// Jest Snapshot v1, https://goo.gl/fbAQLP

exports[`MapLines It redraws 1`] = `
<svg
  height={500}
  style={
    Object {
      "left": 0,
      "pointerEvents": "none",
      "position": "absolute",
      "top": 0,
    }
  }
  width={500}
>
  <g>
    <polygon
      fill="red"
      points="284.7726233600001,414.2640366960286 284.786090097778,414.2173342104552 284.7824537600004,414.2164606975575 284.76908714666615,414.2630643046223 284.7726233600001,414.2640366960286"
      stroke="blue"
      strokeWidth="10"
    />
    <polyline
      fill="none"
      points="284.8310823822221,414.0631703802228 284.82787384888843,414.0697246856771 284.82490652444403,414.07618009066573 284.8224762311106,414.08243770448644 284.8200914488889,414.0884590703354 284.81726520888833,414.09612311505316 284.8145800533339,414.1039135074361 284.81259121777794,414.11013812046986 284.81005624888803,414.1180328736591 284.8074848711112,414.12629021079283 284.8055779555548,414.1324159038586 284.79995278222214,414.15073250212845 284.79586133333305,414.1650330235034 284.79300323555526,414.1751362082432 284.78983111111074,414.18666227259564 284.7846747022213,414.20505007690554 284.78169827555485,414.21615853896947 284.7739704888886,414.24183096140405 284.7660470044443,414.2714642214278 284.76500935111017,414.2753208164813 284.76340280888917,414.28201216612706 284.7624015644442,414.28840684596435 284.76140487111024,414.29645512039133 284.76102712888905,414.30211362582213 284.76120007111103,414.3084863033155 284.76186453333275,414.31388659129425 284.76278840888835,414.3197043919863 284.76417194666647,414.32567600798666 284.76634737777704,414.3329496127126 284.76916451555553,414.3398716126994 284.7718041600001,414.3452004469491 284.77530396444354,414.35104567667804 284.7790131200004,414.3566272049811 284.783013546667,414.361708807116 284.786977564444,414.3662080804861 284.79146040888827,414.37066340062484 284.7959614577776,414.37444849662734 284.80027591111093,414.37777212701076 284.80456305777807,414.3809309470762 284.813592462222,414.3869464332756 284.83097770666654,414.39885652365865 284.8367439644444,414.402932756082 284.8405122844447,414.40565756714113 284.8458370844446,414.4099919911232 284.8509570844449,414.41439233377605 284.8555764622215,414.4185015139201 284.8596679111106,414.4225063130052 284.86413255111074,414.4271373726715 284.86887480888845,414.43256499071504 284.8728388266659,414.437327885139 284.87652977777725,414.44229952867863 284.8795107555561,414.4470843872268 284.8820548266658,414.4520560203464 284.88411647999965,414.4571649858699 284.88543630222284,414.46255411439324 284.8865103644439,414.46819044397307 284.8870200888887,414.47333784621605 284.8869290666662,414.47767220719106 284.8865103644439,414.48317118153227 284.8858322488891,414.4875000398806 284.88466261333315,414.4923068258431 284.8832563199999,414.4965642606967 284.88135850666686,414.50126666163305 284.8790192355559,414.50656235046154 284.86917518222253,414.5277670192427 284.8655479466661,414.5355951432866 284.8614155377777,414.54511522307075 284.8553215999991,414.558425723224 284.8517671822224,414.56640211696777 284.8476120177779,414.57547167755183 284.843643448889,414.5842445791277 284.8413360355553,414.5896665206774 284.83928803555546,414.5949785890016 284.8373356088887,414.60072462506014 284.8358792533336,414.60608062742904 284.83432277333304,414.61300771468996 284.83275263999985,414.61723757258096"
      stroke="blue"
      strokeWidth="10"
    />
    <polyline
      fill="none"
      points="284.8386144711112,414.6182922897933 284.8392698311113,414.61372184681113 284.84009813333296,414.608827292921 284.8411630933333,414.6033449469869 284.84222805333366,414.59880744938164 284.84357063111156,414.59340199851795 284.8451862755546,414.5881943021168 284.84723882666685,414.5826295314873 284.8497237333336,414.5767900858573 284.85347384888837,414.56862144172374 284.85757895111146,414.559425519883 284.86400967111103,414.54541736030933 284.8713506133331,414.52904149366714 284.87624305777763,414.51858749702205 284.8798338844449,414.5106879295972 284.8834929777772,414.5025301564028 284.8856638577781,414.4973223583638 284.88743879111144,414.49167507711536 284.8884627911111,414.4867474340863 284.88913635555537,414.48173189017416 284.8893730133327,414.47691959980875 284.8893320533334,414.47218421333764 284.888899697778,414.46744882205076 284.8881078044442,414.4622025302551 284.887001884445,414.4576648950988 284.88530887111074,414.45289103444975 284.8836522666661,414.449496041967 284.8812219733327,414.4449803685184 284.87776312888855,414.43972855787706 284.87349418666645,414.43406472616243 284.86849706666635,414.4282580554582 284.8638685866663,414.4230996162796 284.85767452444406,414.4170731896829 284.8522860088883,414.412189416189 284.84695665777826,414.4078385135517 284.8397886577782,414.4022295787763 284.83445930666585,414.39837858242663 284.82659043555486,414.39279710417577 284.8136880355555,414.3839579187288 284.80729372444375,414.379502611313 284.8022465422214,414.3757504810437 284.7975862044441,414.37184452670226 284.7939180088888,414.3683725645378 284.79039544888883,414.3647028295627 284.78704128000027,414.3607144616208 284.7841604266664,414.3570447206084 284.78120220444407,414.3527816645428 284.77863537777694,414.3484416936617 284.7759911822218,414.343986352259 284.77358364444353,414.33849820082105 284.77121706666685,414.33274085382163 284.7696014222224,414.3274504609426 284.76865479111075,414.32394001001194 284.7674305422224,414.31889132868037 284.7667205688881,414.3131669195045 284.7662062933332,414.30736559169964 284.76601059555514,414.300223795648 284.76640199111034,414.29407085487946 284.7669162666666,414.2886650502069 284.7675488711102,414.2847205668231 284.768336213333,414.2811661339447 284.76995640888845,414.2758811761796 284.7708211200006,414.27260691659103 284.77315128888904,414.26435533271797 284.78656796444466,414.2173616794116 284.7885795555553,414.20958795827846 284.7911827911107,414.2002759572224 284.79654855111085,414.18090473782104 284.8004169955557,414.1659504968675 284.8065700977777,414.1432608330733 284.81146709333325,414.12542217471037 284.8144662755549,414.11489035694467 284.817028551111,414.10664398743484 284.8188444444445,414.10068307832626 284.821288391111,414.0935025076342 284.82385521777815,414.086635080771 284.8264584533331,414.07977313773245 284.8294576355547,414.07294414834814 284.8317468444443,414.06816989318304 284.83376753777793,414.06418676516023"
      stroke="blue"
      strokeWidth="10"
    />
    <circle
      cx={284.7739704888886}
      cy={414.24183096140405}
      fill="red"
      r="10"
      stroke="blue"
      strokeWidth="1"
    />
    <circle
      cx={284.86917518222253}
      cy={414.5277670192427}
      fill="red"
      r="10"
      stroke="blue"
      strokeWidth="1"
    />
    <circle
      cx={284.8553215999991}
      cy={414.558425723224}
      fill="red"
      r="10"
      stroke="blue"
      strokeWidth="1"
    />
    <circle
      cx={284.85757895111146}
      cy={414.559425519883}
      fill="red"
      r="10"
      stroke="blue"
      strokeWidth="1"
    />
    <circle
      cx={284.8713506133331}
      cy={414.52904149366714}
      fill="red"
      r="10"
      stroke="blue"
      strokeWidth="1"
    />
    <circle
      cx={284.7739704888886}
      cy={414.24183096140405}
      fill="red"
      r="10"
      stroke="blue"
      strokeWidth="1"
    />
  </g>
</svg>
`;

exports[`MapLines MapLines can mount 1`] = `
<SVGOverlay
  bearing={0}
  className="map-lines"
  height={500}
  isDragging={false}
  latitude={37}
  longitude={-119}
  pitch={40}
  redraw={[Function]}
  startDragLngLat={null}
  width={500}
  zoom={5}
/>
`;
