// Jest Snapshot v1, https://goo.gl/fbAQLP

exports[`The current application Current can mount 1`] = `
ShallowWrapper {
  "length": 1,
  Symbol(enzyme.__root__): [Circular],
  Symbol(enzyme.__unrendered__): <Current
    data={
      Object {
        "error": false,
        "loading": false,
        "region": Object {
          "id": "oakland",
          "isSelected": true,
        },
        "settings": Object {
          "api": Object {
            "host": "localhost",
            "port": "3000",
            "protocol": "http",
            "root": "/graphql/",
          },
          "cycle": Object {
            "drivers": Object {
              "api": "HTTP",
            },
          },
          "domain": "localhost",
          "graphcool": Object {
            "authTokenKey": "graphcool-auth-token",
            "linksPerPage": 5,
            "serviceIdKey": "cjajyycub38710185wt87zsm8",
            "userId": "graphcool-user-id",
          },
          "mapbox": Object {
            "iconAtlas": "data/location-icon-atlas.png",
            "mapboxApiAccessToken": "pk.eyJ1IjoiY2Fsb2NhbiIsImEiOiJjaXl1aXkxZjkwMG15MndxbmkxMHczNG50In0.07Zu3XXYijL6GJMuxFtvQg",
            "preventStyleDiffing": false,
            "showCluster": "true",
            "showZoomControls": true,
          },
          "markers": Object {},
          "overpass": Object {
            "cellSize": 100,
            "sleepBetweenCalls": 1000,
          },
        },
        "store": Object {},
        "user": Object {
          "id": "californiaManager",
          "isActive": true,
          "name": "Jerry Brown",
          "permissions": Array [
            "manage",
          ],
          "regions": Array [
            Object {
              "id": "oakland",
              "isSelected": true,
            },
          ],
        },
      }
    }
    style={
      Object {
        "height": 0.5,
        "width": 0.5,
      }
    }
  />,
  Symbol(enzyme.__renderer__): Object {
    "batchedUpdates": [Function],
    "getNode": [Function],
    "render": [Function],
    "simulateEvent": [Function],
    "unmount": [Function],
  },
  Symbol(enzyme.__node__): Object {
    "instance": null,
    "key": undefined,
    "nodeType": "host",
    "props": Object {
      "children": <Connect(Apollo(Region))
        className="current-region"
        region={
          Object {
            "id": "oakland",
            "isSelected": true,
          }
        }
        style={
          Object {
            "height": -129.5,
            "width": -31.5,
          }
        }
      />,
      "className": "current",
      "style": Object {
        "height": "100%",
        "width": "100%",
      },
    },
    "ref": null,
    "rendered": Object {
      "instance": null,
      "key": undefined,
      "nodeType": "class",
      "props": Object {
        "className": "current-region",
        "region": Object {
          "id": "oakland",
          "isSelected": true,
        },
        "style": Object {
          "height": -129.5,
          "width": -31.5,
        },
      },
      "ref": null,
      "rendered": null,
      "type": [Function],
    },
    "type": "div",
  },
  Symbol(enzyme.__nodes__): Array [
    Object {
      "instance": null,
      "key": undefined,
      "nodeType": "host",
      "props": Object {
        "children": <Connect(Apollo(Region))
          className="current-region"
          region={
            Object {
              "id": "oakland",
              "isSelected": true,
            }
          }
          style={
            Object {
              "height": -129.5,
              "width": -31.5,
            }
          }
        />,
        "className": "current",
        "style": Object {
          "height": "100%",
          "width": "100%",
        },
      },
      "ref": null,
      "rendered": Object {
        "instance": null,
        "key": undefined,
        "nodeType": "class",
        "props": Object {
          "className": "current-region",
          "region": Object {
            "id": "oakland",
            "isSelected": true,
          },
          "style": Object {
            "height": -129.5,
            "width": -31.5,
          },
        },
        "ref": null,
        "rendered": null,
        "type": [Function],
      },
      "type": "div",
    },
  ],
  Symbol(enzyme.__options__): Object {
    "adapter": ReactSixteenAdapter {
      "options": Object {
        "enableComponentDidUpdateOnSetState": true,
      },
    },
  },
}
`;
